This is pdfTeX, Version 3.141592653-2.6-1.40.26 (TeX Live 2024) (preloaded format=pdflatex 2024.5.10)  15 AUG 2025 14:55
entering extended mode
 restricted \write18 enabled.
 file:line:error style messages enabled.
 %&-line parsing enabled.
**/Users/thomasfredrich/Documents/HEC/Master3/Q2/DL/decogen/report/report
(/Users/thomasfredrich/Documents/HEC/Master3/Q2/DL/decogen/report/report.tex
LaTeX2e <2023-11-01> patch level 1
L3 programming layer <2024-02-20>
(/usr/local/texlive/2024/texmf-dist/tex/latex/revtex4-1/revtex4-1.cls
Document Class: revtex4-1 2020/09/30 4.1s (http://publish.aps.org/revtex4/ for documentation)
 Copyright (c) 2009 The American Physical Society.
 mailto:revtex@aps.org
 Licensed under the LPPL:
http://www.ctan.org/tex-archive/macros/latex/base/lppl.txt
 Arthur Ogawa <arthur_ogawa at sbcglobal dot net>
 Based on work by David Carlisle <david at dcarlisle.demon.co.uk>.
ltxutil[2020/09/30 4.1s utilities package (portions licensed from W. E. Baxter web at superscript.com)]
LaTeX Info: Redefining \@centercr on input line 346.
Class revtex4-1 Info: Repairing hyperref-unfriendly LaTeX definition of \mpfootnote on input line 471.
Class revtex4-1 Info: Repairing broken LateX \@sect on input line 793.
\intertabularlinepenalty=\count188
\@tbpen=\count189
\@arstrutbox@hline=\box51
Class revtex4-1 Info: Repairing broken LaTeX \@xbitor on input line 1824.
Class revtex4-1 Info: Making \typeout \long on input line 2089.
ltxfront[2020/09/30 4.1s frontmatter package (AO,DPC)]
\c@affil=\count190
\c@collab=\count191
\absbox=\box52
ltxgrid[2020/09/30 4.1s page grid package (portions licensed from W. E. Baxter web at superscript.com)]
\c@linecount=\count192
\output@latex=\toks17
\box@size@1=\box53
\box@size@2=\box54
\@protection@box=\box55
\@topmark@saved=\toks18
\footins@saved=\box56
\footins@recovered=\box57
\column@recovered=\box58
\pagesofar=\box59
\footsofar=\box60
\pagegrid@col=\count193
Class revtex4-1 Info: Overriding \@vspace, \@vspacer, \@no@pgbk, \@newline, and \\  on input line 5655.
\c@part=\count194
\c@section=\count195
\c@subsection=\count196
\c@subsubsection=\count197
\c@paragraph=\count198
\c@subparagraph=\count199
\abovecaptionskip=\skip48
\belowcaptionskip=\skip49
\c@figure=\count266
\fbox@1=\box61
\c@table=\count267
\fbox@2=\box62
\c@video=\count268
\fbox@4=\box63
\@bibdataout=\write3
\widetext@top=\box64
\widetext@bot=\box65
Class revtex4-1 Info: Selecting society aps on input line 7616.
(/usr/local/texlive/2024/texmf-dist/tex/latex/revtex4-1/aps4-1.rtx
File: aps4-1 2020/09/30 4.1s (http://publish.aps.org/revtex4/ for documentation)
Class revtex4-1 Info: RevTeX society APS selected on input line 31.
)

Class revtex4-1 Warning: No journal specified, using default pra.

Class revtex4-1 Info: APS journal PRA selected on input line 7619.

Class revtex4-1 Warning: No type size specified, using default 10.

(/usr/local/texlive/2024/texmf-dist/tex/latex/revtex4-1/aps10pt4-1.rtx
File: aps10pt4-1 2020/09/30 4.1s (http://publish.aps.org/revtex4/ for documentation)
Class revtex4-1 Info: RevTeX pointsize 10pt selected on input line 30.
) (/usr/local/texlive/2024/texmf-dist/tex/latex/textcase/textcase.sty
Package: textcase 2023/07/27 v1.04 Text only upper/lower case changing (DPC)
Package textcase Info: Defining Legacy names on input line 20.
) (/usr/local/texlive/2024/texmf-dist/tex/latex/url/url.sty
\Urlmuskip=\muskip16
Package: url 2013/09/16  ver 3.4  Verb mode for urls, etc.
) (/usr/local/texlive/2024/texmf-dist/tex/latex/natbib/natbib.sty
Package: natbib 2010/09/13 8.31b (PWD, AO)
\bibhang=\skip50
\bibsep=\skip51
LaTeX Info: Redefining \cite on input line 694.
\c@NAT@ctr=\count269
)
Class revtex4-1 Info: Repairing natbib's \BibitemShut on input line 7623.
 (/usr/local/texlive/2024/texmf-dist/tex/latex/revtex4-1/revsymb4-1.sty
Package: revsymb4-1 2020/09/30 4.1s (http://publish.aps.org/revtex4/ for documentation)
LaTeX Info: Redefining \REV@mathfrak on input line 119.
)) (/usr/local/texlive/2024/texmf-dist/tex/latex/base/inputenc.sty
Package: inputenc 2021/02/14 v1.3d Input encoding file
\inpenc@prehook=\toks19
\inpenc@posthook=\toks20
) (/usr/local/texlive/2024/texmf-dist/tex/latex/amsfonts/amsfonts.sty
Package: amsfonts 2013/01/14 v3.01 Basic AMSFonts support
\@emptytoks=\toks21
\symAMSa=\mathgroup4
\symAMSb=\mathgroup5
LaTeX Font Info:    Redeclaring math symbol \hbar on input line 98.
LaTeX Font Info:    Overwriting math alphabet `\mathfrak' in version `bold'
(Font)                  U/euf/m/n --> U/euf/b/n on input line 106.
LaTeX Info: Redefining \frak on input line 111.
LaTeX Info: Redefining \Bbb on input line 113.
) (/usr/local/texlive/2024/texmf-dist/tex/latex/amsfonts/amssymb.sty
Package: amssymb 2013/01/14 v3.01 AMS font symbols
) (/usr/local/texlive/2024/texmf-dist/tex/latex/amsmath/amsmath.sty
Package: amsmath 2023/05/13 v2.17o AMS math features
\@mathmargin=\skip52

For additional information on amsmath, use the `?' option.
(/usr/local/texlive/2024/texmf-dist/tex/latex/amsmath/amstext.sty
Package: amstext 2021/08/26 v2.01 AMS text
 (/usr/local/texlive/2024/texmf-dist/tex/latex/amsmath/amsgen.sty
File: amsgen.sty 1999/11/30 v2.0 generic functions
\@emptytoks=\toks22
\ex@=\dimen140
)
LaTeX Info: Redefining \text on input line 28.
) (/usr/local/texlive/2024/texmf-dist/tex/latex/amsmath/amsbsy.sty
Package: amsbsy 1999/11/29 v1.2d Bold Symbols
\pmbraise@=\dimen141
) (/usr/local/texlive/2024/texmf-dist/tex/latex/amsmath/amsopn.sty
Package: amsopn 2022/04/08 v2.04 operator names
)
\inf@bad=\count270
LaTeX Info: Redefining \frac on input line 234.
\uproot@=\count271
\leftroot@=\count272
LaTeX Info: Redefining \overline on input line 399.
LaTeX Info: Redefining \colon on input line 410.
\classnum@=\count273
\DOTSCASE@=\count274
LaTeX Info: Redefining \ldots on input line 496.
LaTeX Info: Redefining \dots on input line 499.
LaTeX Info: Redefining \cdots on input line 620.
\Mathstrutbox@=\box66
\strutbox@=\box67
LaTeX Info: Redefining \big on input line 722.
LaTeX Info: Redefining \Big on input line 723.
LaTeX Info: Redefining \bigg on input line 724.
LaTeX Info: Redefining \Bigg on input line 725.
\big@size=\dimen142
LaTeX Font Info:    Redeclaring font encoding OML on input line 743.
LaTeX Font Info:    Redeclaring font encoding OMS on input line 744.
\macc@depth=\count275
LaTeX Info: Redefining \bmod on input line 905.
LaTeX Info: Redefining \pmod on input line 910.
LaTeX Info: Redefining \smash on input line 940.
LaTeX Info: Redefining \relbar on input line 970.
LaTeX Info: Redefining \Relbar on input line 971.
\c@MaxMatrixCols=\count276
\dotsspace@=\muskip17
\c@parentequation=\count277
\dspbrk@lvl=\count278
\tag@help=\toks23
\row@=\count279
\column@=\count280
\maxfields@=\count281
\andhelp@=\toks24
\eqnshift@=\dimen143
\alignsep@=\dimen144
\tagshift@=\dimen145
\tagwidth@=\dimen146
\totwidth@=\dimen147
\lineht@=\dimen148
\@envbody=\toks25
\multlinegap=\skip53
\multlinetaggap=\skip54
\mathdisplay@stack=\toks26
LaTeX Info: Redefining \[ on input line 2953.
LaTeX Info: Redefining \] on input line 2954.
) (/usr/local/texlive/2024/texmf-dist/tex/latex/amscls/amsthm.sty
Package: amsthm 2020/05/29 v2.20.6
\thm@style=\toks27
\thm@bodyfont=\toks28
\thm@headfont=\toks29
\thm@notefont=\toks30
\thm@headpunct=\toks31
\thm@preskip=\skip55
\thm@postskip=\skip56
\thm@headsep=\skip57
\dth@everypar=\toks32
) (/usr/local/texlive/2024/texmf-dist/tex/latex/bbold/bbold.sty
Package: bbold 1994/04/06 Bbold symbol package
LaTeX Font Info:    Redeclaring math alphabet \mathbb on input line 42.
) (/usr/local/texlive/2024/texmf-dist/tex/latex/tools/bm.sty
Package: bm 2023/07/08 v1.2f Bold Symbol Support (DPC/FMi)
\symboldoperators=\mathgroup6
\symboldletters=\mathgroup7
\symboldsymbols=\mathgroup8
Package bm Info: No bold for \OMX/cmex/m/n, using \pmb.
Package bm Info: No bold for \U/msa/m/n, using \pmb.
Package bm Info: No bold for \U/msb/m/n, using \pmb.
LaTeX Font Info:    Redeclaring math alphabet \mathbf on input line 149.
LaTeX Info: Redefining \bm on input line 219.
) (/usr/local/texlive/2024/texmf-dist/tex/latex/graphics/graphicx.sty
Package: graphicx 2021/09/16 v1.2d Enhanced LaTeX Graphics (DPC,SPQR)
 (/usr/local/texlive/2024/texmf-dist/tex/latex/graphics/keyval.sty
Package: keyval 2022/05/29 v1.15 key=value parser (DPC)
\KV@toks@=\toks33
) (/usr/local/texlive/2024/texmf-dist/tex/latex/graphics/graphics.sty
Package: graphics 2022/03/10 v1.4e Standard LaTeX Graphics (DPC,SPQR)
 (/usr/local/texlive/2024/texmf-dist/tex/latex/graphics/trig.sty
Package: trig 2021/08/11 v1.11 sin cos tan (DPC)
) (/usr/local/texlive/2024/texmf-dist/tex/latex/graphics-cfg/graphics.cfg
File: graphics.cfg 2016/06/04 v1.11 sample graphics configuration
)
Package graphics Info: Driver file: pdftex.def on input line 107.
 (/usr/local/texlive/2024/texmf-dist/tex/latex/graphics-def/pdftex.def
File: pdftex.def 2022/09/22 v1.2b Graphics/color driver for pdftex
))
\Gin@req@height=\dimen149
\Gin@req@width=\dimen150
) (/usr/local/texlive/2024/texmf-dist/tex/latex/graphics/color.sty
Package: color 2022/01/06 v1.3d Standard LaTeX Color (DPC)
 (/usr/local/texlive/2024/texmf-dist/tex/latex/graphics-cfg/color.cfg
File: color.cfg 2016/01/02 v1.6 sample color configuration
)
Package color Info: Driver file: pdftex.def on input line 149.
 (/usr/local/texlive/2024/texmf-dist/tex/latex/graphics/mathcolor.ltx)) (/usr/local/texlive/2024/texmf-dist/tex/latex/hyperref/hyperref.sty
Package: hyperref 2024-01-20 v7.01h Hypertext links for LaTeX
 (/usr/local/texlive/2024/texmf-dist/tex/generic/iftex/iftex.sty
Package: iftex 2022/02/03 v1.0f TeX engine tests
) (/usr/local/texlive/2024/texmf-dist/tex/latex/kvsetkeys/kvsetkeys.sty
Package: kvsetkeys 2022-10-05 v1.19 Key value parser (HO)
) (/usr/local/texlive/2024/texmf-dist/tex/generic/kvdefinekeys/kvdefinekeys.sty
Package: kvdefinekeys 2019-12-19 v1.6 Define keys (HO)
) (/usr/local/texlive/2024/texmf-dist/tex/generic/pdfescape/pdfescape.sty
Package: pdfescape 2019/12/09 v1.15 Implements pdfTeX's escape features (HO)
 (/usr/local/texlive/2024/texmf-dist/tex/generic/ltxcmds/ltxcmds.sty
Package: ltxcmds 2023-12-04 v1.26 LaTeX kernel commands for general use (HO)
) (/usr/local/texlive/2024/texmf-dist/tex/generic/pdftexcmds/pdftexcmds.sty
Package: pdftexcmds 2020-06-27 v0.33 Utility functions of pdfTeX for LuaTeX (HO)
 (/usr/local/texlive/2024/texmf-dist/tex/generic/infwarerr/infwarerr.sty
Package: infwarerr 2019/12/03 v1.5 Providing info/warning/error messages (HO)
)
Package pdftexcmds Info: \pdf@primitive is available.
Package pdftexcmds Info: \pdf@ifprimitive is available.
Package pdftexcmds Info: \pdfdraftmode found.
)) (/usr/local/texlive/2024/texmf-dist/tex/latex/hycolor/hycolor.sty
Package: hycolor 2020-01-27 v1.10 Color options for hyperref/bookmark (HO)
) (/usr/local/texlive/2024/texmf-dist/tex/latex/auxhook/auxhook.sty
Package: auxhook 2019-12-17 v1.6 Hooks for auxiliary files (HO)
) (/usr/local/texlive/2024/texmf-dist/tex/latex/hyperref/nameref.sty
Package: nameref 2023-11-26 v2.56 Cross-referencing by name of section
 (/usr/local/texlive/2024/texmf-dist/tex/latex/refcount/refcount.sty
Package: refcount 2019/12/15 v3.6 Data extraction from label references (HO)
) (/usr/local/texlive/2024/texmf-dist/tex/generic/gettitlestring/gettitlestring.sty
Package: gettitlestring 2019/12/15 v1.6 Cleanup title references (HO)
 (/usr/local/texlive/2024/texmf-dist/tex/latex/kvoptions/kvoptions.sty
Package: kvoptions 2022-06-15 v3.15 Key value format for package options (HO)
))

Package nameref Warning: The definition of \label has changed! 
(nameref)                Check your packages! 
(nameref)                Replacing it with the kernel definition on input line 149.

\c@section@level=\count282
) (/usr/local/texlive/2024/texmf-dist/tex/latex/etoolbox/etoolbox.sty
Package: etoolbox 2020/10/05 v2.5k e-TeX tools for LaTeX (JAW)
\etb@tempcnta=\count283
)
\@linkdim=\dimen151
\Hy@linkcounter=\count284
\Hy@pagecounter=\count285
 (/usr/local/texlive/2024/texmf-dist/tex/latex/hyperref/pd1enc.def
File: pd1enc.def 2024-01-20 v7.01h Hyperref: PDFDocEncoding definition (HO)
Now handling font encoding PD1 ...
... no UTF-8 mapping file for font encoding PD1
) (/usr/local/texlive/2024/texmf-dist/tex/generic/intcalc/intcalc.sty
Package: intcalc 2019/12/15 v1.3 Expandable calculations with integers (HO)
)
\Hy@SavedSpaceFactor=\count286
 (/usr/local/texlive/2024/texmf-dist/tex/latex/hyperref/puenc.def
File: puenc.def 2024-01-20 v7.01h Hyperref: PDF Unicode definition (HO)
Now handling font encoding PU ...
... no UTF-8 mapping file for font encoding PU
)
Package hyperref Info: Hyper figures OFF on input line 4179.
Package hyperref Info: Link nesting OFF on input line 4184.
Package hyperref Info: Hyper index ON on input line 4187.
Package hyperref Info: Plain pages OFF on input line 4194.
Package hyperref Info: Backreferencing OFF on input line 4199.
Package hyperref Info: Implicit mode ON; LaTeX internals redefined.
Package hyperref Info: Bookmarks ON on input line 4446.
LaTeX Info: Redefining \href on input line 4695.
\c@Hy@tempcnt=\count287
LaTeX Info: Redefining \url on input line 4784.
\XeTeXLinkMargin=\dimen152
 (/usr/local/texlive/2024/texmf-dist/tex/generic/bitset/bitset.sty
Package: bitset 2019/12/09 v1.3 Handle bit-vector datatype (HO)
 (/usr/local/texlive/2024/texmf-dist/tex/generic/bigintcalc/bigintcalc.sty
Package: bigintcalc 2019/12/15 v1.5 Expandable calculations on big integers (HO)
))
\Fld@menulength=\count288
\Field@Width=\dimen153
\Fld@charsize=\dimen154
Package hyperref Info: Hyper figures OFF on input line 6063.
Package hyperref Info: Link nesting OFF on input line 6068.
Package hyperref Info: Hyper index ON on input line 6071.
Package hyperref Info: backreferencing OFF on input line 6078.
Package hyperref Info: Link coloring OFF on input line 6083.
Package hyperref Info: Link coloring with OCG OFF on input line 6088.
Package hyperref Info: PDF/A mode OFF on input line 6093.
 (/usr/local/texlive/2024/texmf-dist/tex/latex/base/atbegshi-ltx.sty
Package: atbegshi-ltx 2021/01/10 v1.0c Emulation of the original atbegshi
package with kernel methods
)
\Hy@abspage=\count289
\c@Item=\count290
\c@Hfootnote=\count291
)
Package hyperref Info: Driver (autodetected): hpdftex.
 (/usr/local/texlive/2024/texmf-dist/tex/latex/hyperref/hpdftex.def
File: hpdftex.def 2024-01-20 v7.01h Hyperref driver for pdfTeX
 (/usr/local/texlive/2024/texmf-dist/tex/latex/base/atveryend-ltx.sty
Package: atveryend-ltx 2020/08/19 v1.0a Emulation of the original atveryend package
with kernel methods
)
\Fld@listcount=\count292
\c@bookmark@seq@number=\count293
 (/usr/local/texlive/2024/texmf-dist/tex/latex/rerunfilecheck/rerunfilecheck.sty
Package: rerunfilecheck 2022-07-10 v1.10 Rerun checks for auxiliary files (HO)
 (/usr/local/texlive/2024/texmf-dist/tex/generic/uniquecounter/uniquecounter.sty
Package: uniquecounter 2019/12/15 v1.4 Provide unlimited unique counter (HO)
)
Package uniquecounter Info: New unique counter `rerunfilecheck' on input line 285.
)
\Hy@SectionHShift=\skip58
) (/usr/local/texlive/2024/texmf-dist/tex/latex/caption/subcaption.sty
Package: subcaption 2023/07/28 v1.6b Sub-captions (AR)
 (/usr/local/texlive/2024/texmf-dist/tex/latex/caption/caption.sty
Package: caption 2023/08/05 v3.6o Customizing captions (AR)
 (/usr/local/texlive/2024/texmf-dist/tex/latex/caption/caption3.sty
Package: caption3 2023/07/31 v2.4d caption3 kernel (AR)
\caption@tempdima=\dimen155
\captionmargin=\dimen156
\caption@leftmargin=\dimen157
\caption@rightmargin=\dimen158
\caption@width=\dimen159
\caption@indent=\dimen160
\caption@parindent=\dimen161
\caption@hangindent=\dimen162
Package caption Info: Unknown document class (or package),
(caption)             standard defaults will be used.
Package caption Info: \@makecaption = \long macro:#1#2->\par \vskip \abovecaptionskip \begingroup \small \rmfamily \sbox \@tempboxa {\let \\\heading@cr \@make@capt@title {#1}{#2}}\@ifdim {\wd \@tempboxa >\hsize }{\begingroup \samepage \flushing \let \footnote \@footnotemark@gobble \@make@capt@title {#1}{#2}\par \endgroup }{\global \@minipagefalse \hb@xt@ \hsize {\hfil \unhbox \@tempboxa \hfil }}\endgroup \vskip \belowcaptionskip  on input line 1175.
)

Package caption Warning: Unknown document class (or package),
(caption)                standard defaults will be used.
See the caption package documentation for explanation.

\c@caption@flags=\count294
\c@continuedfloat=\count295
Package caption Info: hyperref package is loaded.
)
Package caption Info: New subtype `subfigure' on input line 238.
\c@subfigure=\count296
Package caption Info: New subtype `subtable' on input line 238.
\c@subtable=\count297
) (/usr/local/texlive/2024/texmf-dist/tex/latex/float/float.sty
Package: float 2001/11/08 v1.3d Float enhancements (AL)
\c@float@type=\count298
\float@exts=\toks34
\float@box=\box68
\@float@everytoks=\toks35
\@floatcapt=\box69
)
Class revtex4-1 Info: Unrecognized LaTeX tabular. Please update this document class! (Proceeding with fingers crossed.) on input line 18.


Class revtex4-1 Warning: Repair the float package.

Class revtex4-1 Info: cite was not loaded (OK!) on input line 18.
Class revtex4-1 Info: mcite was not loaded (OK!) on input line 18.
Class revtex4-1 Info: multicol was not loaded (OK!) on input line 18.
(/usr/local/texlive/2024/texmf-dist/tex/latex/l3backend/l3backend-pdftex.def
File: l3backend-pdftex.def 2024-02-20 L3 backend support: PDF output (pdfTeX)
\l__color_backend_stack_int=\count299
\l__pdf_internal_box=\box70
)
No file report.aux.
\openout1 = `report.aux'.

LaTeX Font Info:    Checking defaults for OML/cmm/m/it on input line 18.
LaTeX Font Info:    ... okay on input line 18.
LaTeX Font Info:    Checking defaults for OMS/cmsy/m/n on input line 18.
LaTeX Font Info:    ... okay on input line 18.
LaTeX Font Info:    Checking defaults for OT1/cmr/m/n on input line 18.
LaTeX Font Info:    ... okay on input line 18.
LaTeX Font Info:    Checking defaults for T1/cmr/m/n on input line 18.
LaTeX Font Info:    ... okay on input line 18.
LaTeX Font Info:    Checking defaults for TS1/cmr/m/n on input line 18.
LaTeX Font Info:    ... okay on input line 18.
LaTeX Font Info:    Checking defaults for OMX/cmex/m/n on input line 18.
LaTeX Font Info:    ... okay on input line 18.
LaTeX Font Info:    Checking defaults for U/cmr/m/n on input line 18.
LaTeX Font Info:    ... okay on input line 18.
LaTeX Font Info:    Checking defaults for PD1/pdf/m/n on input line 18.
LaTeX Font Info:    ... okay on input line 18.
LaTeX Font Info:    Checking defaults for PU/pdf/m/n on input line 18.
LaTeX Font Info:    ... okay on input line 18.
(/usr/local/texlive/2024/texmf-dist/tex/context/base/mkii/supp-pdf.mkii
[Loading MPS to PDF converter (version 2006.09.02).]
\scratchcounter=\count300
\scratchdimen=\dimen163
\scratchbox=\box71
\nofMPsegments=\count301
\nofMParguments=\count302
\everyMPshowfont=\toks36
\MPscratchCnt=\count303
\MPscratchDim=\dimen164
\MPnumerator=\count304
\makeMPintoPDFobject=\count305
\everyMPtoPDFconversion=\toks37
) (/usr/local/texlive/2024/texmf-dist/tex/latex/epstopdf-pkg/epstopdf-base.sty
Package: epstopdf-base 2020-01-24 v2.11 Base part for package epstopdf
Package epstopdf-base Info: Redefining graphics rule for `.eps' on input line 485.
 (/usr/local/texlive/2024/texmf-dist/tex/latex/latexconfig/epstopdf-sys.cfg
File: epstopdf-sys.cfg 2010/07/13 v1.3 Configuration of (r)epstopdf for TeX Live
))
Package hyperref Info: Link coloring OFF on input line 18.
\@outlinefile=\write4
\openout4 = `report.out'.

Package caption Info: Begin \AtBeginDocument code.
Package caption Info: float package is loaded.
Package caption Info: End \AtBeginDocument code.
Class revtex4-1 Info: Taking \maketitle back from hyperref on input line 18.
\openout3 = `reportNotes.bib'.

LaTeX Font Info:    Trying to load font information for U+msa on input line 30.
 (/usr/local/texlive/2024/texmf-dist/tex/latex/amsfonts/umsa.fd
File: umsa.fd 2013/01/14 v3.01 AMS symbols A
)
LaTeX Font Info:    Trying to load font information for U+msb on input line 30.
 (/usr/local/texlive/2024/texmf-dist/tex/latex/amsfonts/umsb.fd
File: umsb.fd 2013/01/14 v3.01 AMS symbols B
)
Underfull \hbox (badness 10000) in paragraph at lines 36--37

 []


Underfull \hbox (badness 10000) in paragraph at lines 38--39

 []


Package natbib Warning: Citation `isola2017image' on page 1 undefined on input line 54.


Package natbib Warning: Citation `zhu2017unpaired' on page 1 undefined on input line 54.


Underfull \hbox (badness 10000) in paragraph at lines 54--55
[]\OT1/cmr/m/n/10 Image-to-image trans-la-tion has seen sig-nif-i-cant
 []


Underfull \hbox (badness 1783) in paragraph at lines 54--55
\OT1/cmr/m/n/10 gen-eral frame-work for su-per-vised im-age trans-la-tion
 []


Underfull \hbox (badness 2057) in paragraph at lines 54--55
\OT1/cmr/m/n/10 train-ing with-out di-rectly cor-re-spond-ing be-fore/after
 []


Package natbib Warning: Citation `gatys2016image' on page 1 undefined on input line 57.


Package natbib Warning: Citation `johnson2016perceptual' on page 1 undefined on input line 57.


Package natbib Warning: Citation `huang2017arbitrary' on page 1 undefined on input line 57.


Package natbib Warning: Citation `huang2017arbitrary' on page 1 undefined on input line 57.


Package natbib Warning: Citation `li2017universal' on page 1 undefined on input line 57.


Package natbib Warning: Citation `ho2020denoising' on page 1 undefined on input line 60.


Package natbib Warning: Citation `ramesh2022hierarchical' on page 1 undefined on input line 60.


Package natbib Warning: Citation `rombach2022high' on page 1 undefined on input line 60.


Package natbib Warning: Citation `saharia2022palette' on page 1 undefined on input line 62.


Package natbib Warning: Citation `mmis2023dataset' on page 1 undefined on input line 73.

[1{/usr/local/texlive/2024/texmf-var/fonts/map/pdftex/updmap/pdftex.map}{/usr/local/texlive/2024/texmf-dist/fonts/enc/dvips/cm-super/cm-super-ts1.enc}]
Underfull \hbox (badness 1348) in paragraph at lines 85--86
\OT1/cmr/m/n/10 palettes, nat-u-ral tex-tures, and min-i-mal-ist fur-ni-ture
 []


Underfull \hbox (badness 10000) in paragraph at lines 85--86

 []


Package natbib Warning: Citation `zhu2017unpaired' on page 2 undefined on input line 91.


LaTeX Warning: Reference `fig:architecture' on page 2 undefined on input line 91.

<assets/cyclegan_architecture.png, id=24, 855.195pt x 684.5575pt>
File: assets/cyclegan_architecture.png Graphic file (type png)
<use assets/cyclegan_architecture.png>
Package pdftex.def Info: assets/cyclegan_architecture.png  used on input line 95.
(pdftex.def)             Requested size: 255.0pt x 204.11537pt.

Overfull \hbox (9.0pt too wide) in paragraph at lines 95--96
 [][] 
 []


Package natbib Warning: Citation `miyato2018spectral' on page 2 undefined on input line 120.

[2 <./assets/cyclegan_architecture.png>]
LaTeX Font Info:    Trying to load font information for U+bbold on input line 138.
 (/usr/local/texlive/2024/texmf-dist/tex/latex/bbold/Ubbold.fd)
Underfull \hbox (badness 1092) in paragraph at lines 162--163
 []\OT1/cmtt/m/n/10 data[]preparation.py\OT1/cmr/m/n/10 : Han-dles dataset op-er-a-
 []


Underfull \hbox (badness 1348) in paragraph at lines 162--163
 \OT1/cmr/m/n/10 into train/validation/test sets (70%/15%/15%),
 []

[3]
Underfull \hbox (badness 10000) in paragraph at lines 213--214

 []


Underfull \hbox (badness 10000) in paragraph at lines 215--216

 []


Underfull \hbox (badness 1184) in paragraph at lines 221--222
\OT1/cmr/m/n/10 our asym-met-ric schedul-ing ap-proach. The gen-er-a-
 []


Underfull \hbox (badness 10000) in paragraph at lines 225--226

 []


Underfull \hbox (badness 1028) in paragraph at lines 231--232
[]\OT1/cmr/m/n/10 The cy-cle con-sis-tency losses demon-strate ef-fec-tive
 []

[4]

LaTeX Warning: Reference `tab:metrics' on page 5 undefined on input line 255.


LaTeX Warning: `h' float specifier changed to `ht'.


Underfull \hbox (badness 2600) in paragraph at lines 278--279
[]\OT1/cmr/m/n/10 The LPIPS scores mea-sure per-cep-tual sim-i-lar-ity
 []


Underfull \hbox (badness 1205) in paragraph at lines 278--279
\OT1/cmr/m/n/10 preser-va-tion scores are sim-i-lar, with slightly bet-ter
 []


Underfull \hbox (badness 10000) in paragraph at lines 278--279

 []


LaTeX Warning: Reference `fig:coastal_to_eclectic_results' on page 5 undefined on input line 286.

<assets/real_A.png, id=67, 256.96pt x 256.96pt>
File: assets/real_A.png Graphic file (type png)
<use assets/real_A.png>
Package pdftex.def Info: assets/real_A.png  used on input line 290.
(pdftex.def)             Requested size: 127.5pt x 127.49945pt.
<assets/fake_B.png, id=68, 256.96pt x 256.96pt>
File: assets/fake_B.png Graphic file (type png)
<use assets/fake_B.png>
Package pdftex.def Info: assets/fake_B.png  used on input line 298.
(pdftex.def)             Requested size: 101.99844pt x 101.99799pt.
<assets/rec_A.png, id=69, 256.96pt x 256.96pt>
File: assets/rec_A.png Graphic file (type png)
<use assets/rec_A.png>
Package pdftex.def Info: assets/rec_A.png  used on input line 304.
(pdftex.def)             Requested size: 101.99844pt x 101.99799pt.

LaTeX Warning: `h' float specifier changed to `ht'.

[5 <./assets/real_A.png (PNG copy)>]

LaTeX Warning: A float is stuck (cannot be placed); try class option [floatfix] on input line 313.


LaTeX Warning: Reference `fig:eclectic_to_coastal_results' on page 6 undefined on input line 316.

<assets/real_B.png, id=81, 256.96pt x 256.96pt>
File: assets/real_B.png Graphic file (type png)
<use assets/real_B.png>
Package pdftex.def Info: assets/real_B.png  used on input line 320.
(pdftex.def)             Requested size: 101.99844pt x 101.99799pt.
<assets/fake_A.png, id=82, 256.96pt x 256.96pt>
File: assets/fake_A.png Graphic file (type png)
<use assets/fake_A.png>
Package pdftex.def Info: assets/fake_A.png  used on input line 328.
(pdftex.def)             Requested size: 101.99844pt x 101.99799pt.
<assets/rec_B.png, id=83, 256.96pt x 256.96pt>
File: assets/rec_B.png Graphic file (type png)
<use assets/rec_B.png>
Package pdftex.def Info: assets/rec_B.png  used on input line 334.
(pdftex.def)             Requested size: 101.99844pt x 101.99799pt.

LaTeX Warning: Reference `fig:cycle_consistency' on page 6 undefined on input line 346.

<assets/sample_1.png, id=84, 1136.0844pt x 570.2103pt>
File: assets/sample_1.png Graphic file (type png)
<use assets/sample_1.png>
Package pdftex.def Info: assets/sample_1.png  used on input line 351.
(pdftex.def)             Requested size: 255.0pt x 127.97855pt.

Overfull \hbox (9.0pt too wide) in paragraph at lines 351--352
 [][] 
 []


LaTeX Warning: Reference `fig:coastal_to_eclectic_results' on page 6 undefined on input line 360.


LaTeX Warning: Reference `fig:eclectic_to_coastal_results' on page 6 undefined on input line 360.


Underfull \hbox (badness 1616) in paragraph at lines 360--361
\OT1/cmr/m/n/10 while trans-form-ing col-ors, pat-terns, and dec-o-ra-tive
 []


Underfull \hbox (badness 10000) in paragraph at lines 360--361

 []


Underfull \hbox (badness 10000) in paragraph at lines 362--363

 []

[6 <./assets/fake_B.png (PNG copy)> <./assets/rec_A.png (PNG copy)> <./assets/real_B.png (PNG copy)> <./assets/fake_A.png (PNG copy)> <./assets/rec_B.png (PNG copy)> <./assets/sample_1.png>]
Underfull \hbox (badness 10000) in paragraph at lines 372--373

 []


Underfull \hbox (badness 4254) in paragraph at lines 396--397
 []\OT1/cmr/m/n/10 Changing pat-terns and tex-tures in a style-
 []

[7]
Underfull \hbox (badness 10000) in paragraph at lines 425--426

 []


Underfull \hbox (badness 1005) in paragraph at lines 431--432
[]\OT1/cmr/m/n/10 In this pa-per, we pre-sented a deep learn-ing ap-
 []


Underfull \hbox (badness 1033) in paragraph at lines 431--432
\OT1/cmr/m/n/10 trans-forms liv-ing room im-ages be-tween coastal and
 []


Underfull \hbox (badness 3803) in paragraph at lines 431--432
\OT1/cmr/m/n/10 bal-ance be-tween style trans-for-ma-tion and con-tent
 []


Underfull \hbox (badness 10000) in paragraph at lines 431--432

 []

<assets/g_loss.png, id=108, 333.245pt x 258.9675pt>
File: assets/g_loss.png Graphic file (type png)
<use assets/g_loss.png>
Package pdftex.def Info: assets/g_loss.png  used on input line 447.
(pdftex.def)             Requested size: 229.49844pt x 178.34792pt.
<assets/d_loss.png, id=109, 335.2525pt x 258.9675pt>
File: assets/d_loss.png Graphic file (type png)
<use assets/d_loss.png>
Package pdftex.def Info: assets/d_loss.png  used on input line 454.
(pdftex.def)             Requested size: 229.49844pt x 177.27705pt.
<assets/val_g_loss.png, id=110, 334.24875pt x 255.95625pt>
File: assets/val_g_loss.png Graphic file (type png)
<use assets/val_g_loss.png>
Package pdftex.def Info: assets/val_g_loss.png  used on input line 461.
(pdftex.def)             Requested size: 229.49844pt x 175.74686pt.
[8 <./assets/g_loss.png> <./assets/d_loss.png>]
<assets/val_d_loss.png, id=122, 331.2375pt x 252.945pt>
File: assets/val_d_loss.png Graphic file (type png)
<use assets/val_d_loss.png>
Package pdftex.def Info: assets/val_d_loss.png  used on input line 468.
(pdftex.def)             Requested size: 229.49844pt x 175.25398pt.


LaTeX Warning: File `assets/learning_rate.png' not found on input line 477.


/Users/thomasfredrich/Documents/HEC/Master3/Q2/DL/decogen/report/report.tex:477: Package pdftex.def Error: File `assets/learning_rate.png' not found: using draft setting.

See the pdftex.def package documentation for explanation.
Type  H <return>  for immediate help.
 ...                                              
                                                  
l.477 ...0.45\textwidth]{assets/learning_rate.png}
                                                  
Try typing  <return>  to proceed.
If that doesn't work, type  X <return>  to quit.

<assets/gan_loss_A.png, id=123, 330.23375pt x 255.95625pt>
File: assets/gan_loss_A.png Graphic file (type png)
<use assets/gan_loss_A.png>
Package pdftex.def Info: assets/gan_loss_A.png  used on input line 486.
(pdftex.def)             Requested size: 229.49844pt x 177.88321pt.
<assets/gan_loss_B.png, id=124, 333.245pt x 257.96375pt>
File: assets/gan_loss_B.png Graphic file (type png)
<use assets/gan_loss_B.png>
Package pdftex.def Info: assets/gan_loss_B.png  used on input line 493.
(pdftex.def)             Requested size: 229.49844pt x 177.65665pt.
[9 <./assets/val_g_loss.png> <./assets/val_d_loss.png> <./assets/gan_loss_A.png>]
<assets/d_loss_A.png, id=139, 334.24875pt x 259.97125pt>
File: assets/d_loss_A.png Graphic file (type png)
<use assets/d_loss_A.png>
Package pdftex.def Info: assets/d_loss_A.png  used on input line 500.
(pdftex.def)             Requested size: 229.49844pt x 178.50368pt.
<assets/d_loss_B.png, id=140, 332.24126pt x 262.9825pt>
File: assets/d_loss_B.png Graphic file (type png)
<use assets/d_loss_B.png>
Package pdftex.def Info: assets/d_loss_B.png  used on input line 507.
(pdftex.def)             Requested size: 229.49844pt x 181.65874pt.
<assets/cycle_loss_A.png, id=141, 336.25626pt x 260.975pt>
File: assets/cycle_loss_A.png Graphic file (type png)
<use assets/cycle_loss_A.png>
Package pdftex.def Info: assets/cycle_loss_A.png  used on input line 516.
(pdftex.def)             Requested size: 229.49844pt x 178.1177pt.
<assets/cycle_loss_B.png, id=142, 330.23375pt x 252.945pt>
File: assets/cycle_loss_B.png Graphic file (type png)
<use assets/cycle_loss_B.png>
Package pdftex.def Info: assets/cycle_loss_B.png  used on input line 523.
(pdftex.def)             Requested size: 229.49844pt x 175.79047pt.


LaTeX Warning: File `assets/struct_loss_A.png' not found on input line 530.


/Users/thomasfredrich/Documents/HEC/Master3/Q2/DL/decogen/report/report.tex:530: Package pdftex.def Error: File `assets/struct_loss_A.png' not found: using draft setting.

See the pdftex.def package documentation for explanation.
Type  H <return>  for immediate help.
 ...                                              
                                                  
l.530 ...0.45\textwidth]{assets/struct_loss_A.png}
                                                  
Try typing  <return>  to proceed.
If that doesn't work, type  X <return>  to quit.

[10 <./assets/gan_loss_B.png> <./assets/d_loss_A.png> <./assets/d_loss_B.png> <./assets/cycle_loss_A.png> <./assets/cycle_loss_B.png>]

LaTeX Warning: File `assets/struct_loss_B.png' not found on input line 537.


/Users/thomasfredrich/Documents/HEC/Master3/Q2/DL/decogen/report/report.tex:537: Package pdftex.def Error: File `assets/struct_loss_B.png' not found: using draft setting.

See the pdftex.def package documentation for explanation.
Type  H <return>  for immediate help.
 ...                                              
                                                  
l.537 ...0.45\textwidth]{assets/struct_loss_B.png}
                                                  
Try typing  <return>  to proceed.
If that doesn't work, type  X <return>  to quit.


LaTeX Warning: File `assets/identity_loss_A.png' not found on input line 546.


/Users/thomasfredrich/Documents/HEC/Master3/Q2/DL/decogen/report/report.tex:546: Package pdftex.def Error: File `assets/identity_loss_A.png' not found: using draft setting.

See the pdftex.def package documentation for explanation.
Type  H <return>  for immediate help.
 ...                                              
                                                  
l.546 ...45\textwidth]{assets/identity_loss_A.png}
                                                  
Try typing  <return>  to proceed.
If that doesn't work, type  X <return>  to quit.


LaTeX Warning: File `assets/identity_loss_B.png' not found on input line 553.


/Users/thomasfredrich/Documents/HEC/Master3/Q2/DL/decogen/report/report.tex:553: Package pdftex.def Error: File `assets/identity_loss_B.png' not found: using draft setting.

See the pdftex.def package documentation for explanation.
Type  H <return>  for immediate help.
 ...                                              
                                                  
l.553 ...45\textwidth]{assets/identity_loss_B.png}
                                                  
Try typing  <return>  to proceed.
If that doesn't work, type  X <return>  to quit.

(./report.bbl

LaTeX Warning: Reference `LastBibItem' on page 11 undefined on input line 1.

[11]
Underfull \hbox (badness 4072) in paragraph at lines 60--64
 []\OT1/cmr/m/n/9 Chitwan Sa-haria, William Chan, Hui-wen Chang,
 []

)

Package natbib Warning: There were undefined citations.

[12] (./report.aux

Package natbib Warning: Citation(s) may have changed.
(natbib)                Rerun to get citations correct.

)
 ***********
LaTeX2e <2023-11-01> patch level 1
L3 programming layer <2024-02-20>
 ***********


LaTeX Warning: There were undefined references.


LaTeX Warning: Label(s) may have changed. Rerun to get cross-references right.


Package rerunfilecheck Warning: File `report.out' has changed.
(rerunfilecheck)                Rerun to get outlines right
(rerunfilecheck)                or use package `bookmark'.

Package rerunfilecheck Info: Checksums for `report.out':
(rerunfilecheck)             Before: <no file>
(rerunfilecheck)             After:  45D7C6671C8ABF32F7A97941DC6AF130;8336.
 ) 
Here is how much of TeX's memory you used:
 13687 strings out of 474116
 215882 string characters out of 5743682
 1949187 words of memory out of 5000000
 35774 multiletter control sequences out of 15000+600000
 570496 words of font info for 84 fonts, out of 8000000 for 9000
 1141 hyphenation exceptions out of 8191
 75i,8n,79p,977b,602s stack positions out of 10000i,1000n,20000p,200000b,200000s
</usr/local/texlive/2024/texmf-dist/fonts/type1/public/bbold-type1/bbold10.pfb></usr/local/texlive/2024/texmf-dist/fonts/type1/public/amsfonts/cm/cmbx10.pfb></usr/local/texlive/2024/texmf-dist/fonts/type1/public/amsfonts/cm/cmbx12.pfb></usr/local/texlive/2024/texmf-dist/fonts/type1/public/amsfonts/cm/cmbx9.pfb></usr/local/texlive/2024/texmf-dist/fonts/type1/public/amsfonts/cm/cmitt10.pfb></usr/local/texlive/2024/texmf-dist/fonts/type1/public/amsfonts/cm/cmmi10.pfb></usr/local/texlive/2024/texmf-dist/fonts/type1/public/amsfonts/cm/cmmi7.pfb></usr/local/texlive/2024/texmf-dist/fonts/type1/public/amsfonts/cm/cmr10.pfb></usr/local/texlive/2024/texmf-dist/fonts/type1/public/amsfonts/cm/cmr6.pfb></usr/local/texlive/2024/texmf-dist/fonts/type1/public/amsfonts/cm/cmr7.pfb></usr/local/texlive/2024/texmf-dist/fonts/type1/public/amsfonts/cm/cmr9.pfb></usr/local/texlive/2024/texmf-dist/fonts/type1/public/amsfonts/cm/cmsy10.pfb></usr/local/texlive/2024/texmf-dist/fonts/type1/public/amsfonts/cm/cmti9.pfb></usr/local/texlive/2024/texmf-dist/fonts/type1/public/amsfonts/cm/cmtt10.pfb></usr/local/texlive/2024/texmf-dist/fonts/type1/public/amsfonts/cm/cmtt9.pfb></usr/local/texlive/2024/texmf-dist/fonts/type1/public/cm-super/sfrm1000.pfb>
Output written on report.pdf (12 pages, 2305408 bytes).
PDF statistics:
 274 PDF objects out of 1000 (max. 8388607)
 196 compressed objects within 2 object streams
 96 named destinations out of 1000 (max. 500000)
 91 words of extra memory for PDF output out of 10000 (max. 10000000)

