\BOOKMARK [0][-]{section*.1}{\376\377\000I\000N\000F\000O\0008\0000\0001\0000\000:\000\040\000I\000n\000t\000e\000r\000i\000o\000r\000\040\000D\000e\000s\000i\000g\000n\000\040\000S\000t\000y\000l\000e\000\040\000T\000r\000a\000n\000s\000f\000e\000r}{}% 1
\BOOKMARK [1][-]{section*.2}{\376\377\000I\000n\000t\000r\000o\000d\000u\000c\000t\000i\000o\000n}{section*.1}% 2
\BOOKMARK [1][-]{section*.3}{\376\377\000R\000e\000l\000a\000t\000e\000d\000\040\000W\000o\000r\000k}{section*.1}% 3
\BOOKMARK [2][-]{section*.4}{\376\377\000I\000m\000a\000g\000e\000-\000t\000o\000-\000I\000m\000a\000g\000e\000\040\000T\000r\000a\000n\000s\000l\000a\000t\000i\000o\000n}{section*.3}% 4
\BOOKMARK [2][-]{section*.5}{\376\377\000S\000t\000y\000l\000e\000\040\000T\000r\000a\000n\000s\000f\000e\000r}{section*.3}% 5
\BOOKMARK [2][-]{section*.6}{\376\377\000D\000i\000f\000f\000u\000s\000i\000o\000n\000\040\000M\000o\000d\000e\000l\000s}{section*.3}% 6
\BOOKMARK [2][-]{section*.7}{\376\377\000I\000n\000t\000e\000r\000i\000o\000r\000\040\000D\000e\000s\000i\000g\000n\000\040\000A\000p\000p\000l\000i\000c\000a\000t\000i\000o\000n\000s}{section*.3}% 7
\BOOKMARK [1][-]{section*.8}{\376\377\000M\000e\000t\000h\000o\000d\000o\000l\000o\000g\000y}{section*.1}% 8
\BOOKMARK [2][-]{section*.9}{\376\377\000D\000a\000t\000a\000s\000e\000t}{section*.8}% 9
\BOOKMARK [2][-]{section*.10}{\376\377\000M\000o\000d\000e\000l\000\040\000A\000r\000c\000h\000i\000t\000e\000c\000t\000u\000r\000e}{section*.8}% 10
\BOOKMARK [3][-]{section*.12}{\376\377\000G\000e\000n\000e\000r\000a\000t\000o\000r\000\040\000A\000r\000c\000h\000i\000t\000e\000c\000t\000u\000r\000e}{section*.10}% 11
\BOOKMARK [3][-]{section*.13}{\376\377\000M\000u\000l\000t\000i\000-\000s\000c\000a\000l\000e\000\040\000D\000i\000s\000c\000r\000i\000m\000i\000n\000a\000t\000o\000r}{section*.10}% 12
\BOOKMARK [3][-]{section*.14}{\376\377\000P\000e\000r\000c\000e\000p\000t\000u\000a\000l\000\040\000N\000e\000t\000w\000o\000r\000k}{section*.10}% 13
\BOOKMARK [2][-]{section*.15}{\376\377\000L\000o\000s\000s\000\040\000F\000u\000n\000c\000t\000i\000o\000n\000s}{section*.8}% 14
\BOOKMARK [3][-]{section*.16}{\376\377\000A\000d\000v\000e\000r\000s\000a\000r\000i\000a\000l\000\040\000L\000o\000s\000s}{section*.15}% 15
\BOOKMARK [3][-]{section*.17}{\376\377\000C\000y\000c\000l\000e\000\040\000C\000o\000n\000s\000i\000s\000t\000e\000n\000c\000y\000\040\000L\000o\000s\000s}{section*.15}% 16
\BOOKMARK [1][-]{section*.18}{\376\377\000I\000m\000p\000l\000e\000m\000e\000n\000t\000a\000t\000i\000o\000n}{section*.1}% 17
\BOOKMARK [2][-]{section*.19}{\376\377\000S\000y\000s\000t\000e\000m\000\040\000O\000v\000e\000r\000v\000i\000e\000w}{section*.18}% 18
\BOOKMARK [2][-]{section*.20}{\376\377\000P\000r\000o\000j\000e\000c\000t\000\040\000S\000t\000r\000u\000c\000t\000u\000r\000e}{section*.18}% 19
\BOOKMARK [2][-]{section*.21}{\376\377\000T\000r\000a\000i\000n\000i\000n\000g\000\040\000P\000r\000o\000c\000e\000s\000s}{section*.18}% 20
\BOOKMARK [2][-]{section*.22}{\376\377\000T\000r\000a\000i\000n\000i\000n\000g\000\040\000M\000o\000n\000i\000t\000o\000r\000i\000n\000g}{section*.18}% 21
\BOOKMARK [3][-]{section*.23}{\376\377\000O\000v\000e\000r\000a\000l\000l\000\040\000L\000o\000s\000s\000\040\000P\000r\000o\000g\000r\000e\000s\000s\000i\000o\000n}{section*.22}% 22
\BOOKMARK [3][-]{section*.24}{\376\377\000L\000e\000a\000r\000n\000i\000n\000g\000\040\000R\000a\000t\000e\000\040\000S\000c\000h\000e\000d\000u\000l\000e}{section*.22}% 23
\BOOKMARK [3][-]{section*.25}{\376\377\000D\000o\000m\000a\000i\000n\000-\000S\000p\000e\000c\000i\000f\000i\000c\000\040\000G\000A\000N\000\040\000a\000n\000d\000\040\000D\000i\000s\000c\000r\000i\000m\000i\000n\000a\000t\000o\000r\000\040\000L\000o\000s\000s\000e\000s}{section*.22}% 24
\BOOKMARK [3][-]{section*.26}{\376\377\000C\000y\000c\000l\000e\000\040\000C\000o\000n\000s\000i\000s\000t\000e\000n\000c\000y}{section*.22}% 25
\BOOKMARK [2][-]{section*.27}{\376\377\000E\000v\000a\000l\000u\000a\000t\000i\000o\000n\000\040\000M\000e\000t\000r\000i\000c\000s}{section*.18}% 26
\BOOKMARK [1][-]{section*.28}{\376\377\000E\000x\000p\000e\000r\000i\000m\000e\000n\000t\000s\000\040\000a\000n\000d\000\040\000R\000e\000s\000u\000l\000t\000s}{section*.1}% 27
\BOOKMARK [2][-]{section*.29}{\376\377\000Q\000u\000a\000n\000t\000i\000t\000a\000t\000i\000v\000e\000\040\000E\000v\000a\000l\000u\000a\000t\000i\000o\000n}{section*.28}% 28
\BOOKMARK [2][-]{section*.31}{\376\377\000Q\000u\000a\000l\000i\000t\000a\000t\000i\000v\000e\000\040\000A\000n\000a\000l\000y\000s\000i\000s}{section*.28}% 29
\BOOKMARK [3][-]{section*.32}{\376\377\000C\000o\000a\000s\000t\000a\000l\000\040\000t\000o\000\040\000E\000c\000l\000e\000c\000t\000i\000c\000\040\000T\000r\000a\000n\000s\000f\000e\000r}{section*.31}% 30
\BOOKMARK [3][-]{section*.35}{\376\377\000E\000c\000l\000e\000c\000t\000i\000c\000\040\000t\000o\000\040\000C\000o\000a\000s\000t\000a\000l\000\040\000T\000r\000a\000n\000s\000f\000e\000r}{section*.31}% 31
\BOOKMARK [2][-]{section*.38}{\376\377\000C\000y\000c\000l\000e\000\040\000C\000o\000n\000s\000i\000s\000t\000e\000n\000c\000y\000\040\000A\000n\000a\000l\000y\000s\000i\000s}{section*.28}% 32
\BOOKMARK [2][-]{section*.40}{\376\377\000C\000o\000n\000t\000e\000n\000t\000\040\000C\000o\000n\000s\000i\000s\000t\000e\000n\000c\000y\000\040\000A\000n\000a\000l\000y\000s\000i\000s}{section*.28}% 33
\BOOKMARK [1][-]{section*.41}{\376\377\000D\000i\000s\000c\000u\000s\000s\000i\000o\000n}{section*.1}% 34
\BOOKMARK [2][-]{section*.42}{\376\377\000L\000i\000m\000i\000t\000a\000t\000i\000o\000n\000s\000\040\000o\000f\000\040\000S\000t\000y\000l\000e\000\040\000T\000r\000a\000n\000s\000f\000e\000r\000\040\000f\000o\000r\000\040\000I\000n\000t\000e\000r\000i\000o\000r\000\040\000D\000e\000s\000i\000g\000n}{section*.41}% 35
\BOOKMARK [2][-]{section*.43}{\376\377\000I\000n\000s\000u\000f\000f\000i\000c\000i\000e\000n\000t\000\040\000F\000e\000a\000t\000u\000r\000e\000\040\000E\000n\000g\000i\000n\000e\000e\000r\000i\000n\000g}{section*.41}% 36
\BOOKMARK [2][-]{section*.44}{\376\377\000S\000u\000c\000c\000e\000s\000s\000f\000u\000l\000\040\000S\000t\000y\000l\000e\000\040\000L\000e\000a\000r\000n\000i\000n\000g\000\040\000a\000n\000d\000\040\000T\000r\000a\000i\000n\000i\000n\000g\000\040\000D\000y\000n\000a\000m\000i\000c\000s}{section*.41}% 37
\BOOKMARK [2][-]{section*.45}{\376\377\000L\000i\000m\000i\000t\000a\000t\000i\000o\000n\000s\000\040\000a\000n\000d\000\040\000A\000r\000e\000a\000s\000\040\000f\000o\000r\000\040\000I\000m\000p\000r\000o\000v\000e\000m\000e\000n\000t}{section*.41}% 38
\BOOKMARK [2][-]{section*.46}{\376\377\000A\000l\000t\000e\000r\000n\000a\000t\000i\000v\000e\000\040\000A\000p\000p\000r\000o\000a\000c\000h\000e\000s}{section*.41}% 39
\BOOKMARK [1][-]{section*.47}{\376\377\000C\000o\000n\000c\000l\000u\000s\000i\000o\000n\000\040\000a\000n\000d\000\040\000F\000u\000t\000u\000r\000e\000\040\000W\000o\000r\000k}{section*.1}% 40
\BOOKMARK [1][-]{section*.48}{\376\377\000T\000r\000a\000i\000n\000i\000n\000g\000\040\000V\000i\000s\000u\000a\000l\000i\000z\000a\000t\000i\000o\000n\000s}{section*.1}% 41
\BOOKMARK [2][-]{section*.49}{\376\377\000O\000v\000e\000r\000a\000l\000l\000\040\000L\000o\000s\000s\000\040\000C\000h\000a\000r\000t\000s}{section*.48}% 42
\BOOKMARK [2][-]{section*.54}{\376\377\000L\000e\000a\000r\000n\000i\000n\000g\000\040\000R\000a\000t\000e\000\040\000S\000c\000h\000e\000d\000u\000l\000e}{section*.48}% 43
\BOOKMARK [2][-]{section*.57}{\376\377\000D\000o\000m\000a\000i\000n\000-\000S\000p\000e\000c\000i\000f\000i\000c\000\040\000A\000d\000v\000e\000r\000s\000a\000r\000i\000a\000l\000\040\000L\000o\000s\000s\000e\000s}{section*.48}% 44
\BOOKMARK [2][-]{section*.62}{\376\377\000C\000y\000c\000l\000e\000\040\000C\000o\000n\000s\000i\000s\000t\000e\000n\000c\000y\000\040\000L\000o\000s\000s\000e\000s}{section*.48}% 45
\BOOKMARK [1][-]{section*.65}{\376\377\000R\000e\000f\000e\000r\000e\000n\000c\000e\000s}{section*.1}% 46
